.venv\Scripts\python.exe : #0 building with "desktop-linux" instance using docker driver
At line:1 char:302
+ ... tch {} } }; .venv\Scripts\python.exe scripts\build_candidate.py *> "C ...
+                 ~~~~~~~~~~~~~~~~~~~~~~~~~~~~~~~~~~~~~~~~~~~~~~~~~~~~~~~~~
    + CategoryInfo          : NotSpecified: (#0 building wit...g docker driver:String) [], RemoteException
    + FullyQualifiedErrorId : NativeCommandError
 

#1 [internal] load build definition from Dockerfile
#1 transferring dockerfile: 1.07kB 0.0s done
#1 DONE 0.1s

#2 [internal] load metadata for 
docker.io/library/ubuntu@sha256:a61567bd31828687156d735ea8eb01ba4e37636e225dd6a48ba94136a70d9d61
#2 ...

#3 [auth] library/ubuntu:pull token for registry-1.docker.io
#3 DONE 0.0s

#2 [internal] load metadata for 
docker.io/library/ubuntu@sha256:a61567bd31828687156d735ea8eb01ba4e37636e225dd6a48ba94136a70d9d61
#2 DONE 2.2s

#4 [internal] load .dockerignore
#4 transferring context:
#4 transferring context: 220B 0.0s done
#4 DONE 0.2s

#5 [internal] load build context
#5 DONE 0.0s

#6 [ 1/11] FROM docker.io/library/ubuntu@sha256:a61567bd31828687156d735ea8eb01ba4e37636e225dd6a48ba94136a70d9d61
#6 resolve docker.io/library/ubuntu@sha256:a61567bd31828687156d735ea8eb01ba4e37636e225dd6a48ba94136a70d9d61 0.1s done
#6 DONE 0.7s

#5 [internal] load build context
#5 transferring context: 215.44kB 0.1s done
#5 DONE 0.9s

#7 [ 2/11] RUN apt-get update && apt-get install -y --no-install-recommends python3=3.12.3-0ubuntu2.1 
python3-venv=3.12.3-0ubuntu2.1 ca-certificates     && rm -rf /var/lib/apt/lists/*
#7 0.954 Get:1 http://security.ubuntu.com/ubuntu noble-security InRelease [126 kB]
#7 1.142 Get:2 http://archive.ubuntu.com/ubuntu noble InRelease [256 kB]
#7 1.417 Get:3 http://security.ubuntu.com/ubuntu noble-security/universe amd64 Packages [1532 kB]
#7 1.820 Get:4 http://security.ubuntu.com/ubuntu noble-security/main amd64 Packages [1244 kB]
#7 2.017 Get:5 http://archive.ubuntu.com/ubuntu noble-updates InRelease [126 kB]
#7 2.333 Get:6 http://archive.ubuntu.com/ubuntu noble-backports InRelease [126 kB]
#7 2.398 Get:7 http://security.ubuntu.com/ubuntu noble-security/multiverse amd64 Packages [50.0 kB]
#7 2.404 Get:8 http://security.ubuntu.com/ubuntu noble-security/restricted amd64 Packages [1801 kB]
#7 2.560 Get:9 http://archive.ubuntu.com/ubuntu noble/universe amd64 Packages [19.3 MB]
#7 6.869 Get:10 http://archive.ubuntu.com/ubuntu noble/restricted amd64 Packages [117 kB]
#7 6.885 Get:11 http://archive.ubuntu.com/ubuntu noble/multiverse amd64 Packages [331 kB]
#7 6.917 Get:12 http://archive.ubuntu.com/ubuntu noble/main amd64 Packages [1808 kB]
#7 7.487 Get:13 http://archive.ubuntu.com/ubuntu noble-updates/restricted amd64 Packages [1922 kB]
#7 8.996 Get:14 http://archive.ubuntu.com/ubuntu noble-updates/multiverse amd64 Packages [56.2 kB]
#7 9.235 Get:15 http://archive.ubuntu.com/ubuntu noble-updates/main amd64 Packages [1566 kB]
#7 9.788 Get:16 http://archive.ubuntu.com/ubuntu noble-updates/universe amd64 Packages [2148 kB]
#7 10.70 Get:17 http://archive.ubuntu.com/ubuntu noble-backports/multiverse amd64 Packages [671 B]
#7 10.85 Get:18 http://archive.ubuntu.com/ubuntu noble-backports/main amd64 Packages [48.9 kB]
#7 11.01 Get:19 http://archive.ubuntu.com/ubuntu noble-backports/universe amd64 Packages [35.9 kB]
#7 12.01 Fetched 32.6 MB in 11s (2907 kB/s)
#7 12.01 Reading package lists...
#7 16.70 Reading package lists...
#7 21.46 Building dependency tree...
#7 22.47 Reading state information...
#7 23.70 The following additional packages will be installed:
#7 23.70   libexpat1 libpython3-stdlib libpython3.12-minimal libpython3.12-stdlib
#7 23.72   libreadline8t64 libsqlite3-0 media-types netbase openssl python3-minimal
#7 23.72   python3-pip-whl python3-setuptools-whl python3.12 python3.12-minimal
#7 23.72   python3.12-venv readline-common tzdata
#7 23.73 Suggested packages:
#7 23.73   python3-doc python3-tk python3.12-doc binutils binfmt-support readline-doc
#7 23.94 The following NEW packages will be installed:
#7 23.94   ca-certificates libexpat1 libpython3-stdlib libpython3.12-minimal
#7 23.95   libpython3.12-stdlib libreadline8t64 libsqlite3-0 media-types netbase
#7 23.95   openssl python3 python3-minimal python3-pip-whl python3-setuptools-whl
#7 23.95   python3-venv python3.12 python3.12-minimal python3.12-venv readline-common
#7 23.95   tzdata
#7 24.33 0 upgraded, 20 newly installed, 0 to remove and 4 not upgraded.
#7 24.33 Need to get 10.8 MB of archives.
#7 24.33 After this operation, 33.0 MB of additional disk space will be used.
#7 24.33 Get:1 http://archive.ubuntu.com/ubuntu noble-updates/main amd64 libpython3.12-minimal amd64 
3.12.3-1ubuntu0.17 [839 kB]
#7 25.67 Get:2 http://archive.ubuntu.com/ubuntu noble-updates/main amd64 libexpat1 amd64 2.6.1-2ubuntu0.4 [88.2 kB]
#7 25.74 Get:3 http://archive.ubuntu.com/ubuntu noble-updates/main amd64 python3.12-minimal amd64 3.12.3-1ubuntu0.17 
[2335 kB]
#7 26.37 Get:4 http://archive.ubuntu.com/ubuntu noble-updates/main amd64 python3-minimal amd64 3.12.3-0ubuntu2.1 [27.4 
kB]
#7 26.38 Get:5 http://archive.ubuntu.com/ubuntu noble/main amd64 media-types all 10.1.0 [27.5 kB]
#7 26.41 Get:6 http://archive.ubuntu.com/ubuntu noble/main amd64 netbase all 6.4 [13.1 kB]
#7 26.42 Get:7 http://archive.ubuntu.com/ubuntu noble-updates/main amd64 tzdata all 2026c-0ubuntu0.24.04.1 [280 kB]
#7 26.57 Get:8 http://archive.ubuntu.com/ubuntu noble/main amd64 readline-common all 8.2-4build1 [56.5 kB]
#7 26.61 Get:9 http://archive.ubuntu.com/ubuntu noble/main amd64 libreadline8t64 amd64 8.2-4build1 [153 kB]
#7 26.72 Get:10 http://archive.ubuntu.com/ubuntu noble-updates/main amd64 libsqlite3-0 amd64 3.45.1-1ubuntu2.7 [701 kB]
#7 26.88 Get:11 http://archive.ubuntu.com/ubuntu noble-updates/main amd64 libpython3.12-stdlib amd64 
3.12.3-1ubuntu0.17 [2071 kB]
#7 27.63 Get:12 http://archive.ubuntu.com/ubuntu noble-updates/main amd64 python3.12 amd64 3.12.3-1ubuntu0.17 [651 kB]
#7 27.88 Get:13 http://archive.ubuntu.com/ubuntu noble-updates/main amd64 libpython3-stdlib amd64 3.12.3-0ubuntu2.1 
[10.1 kB]
#7 27.88 Get:14 http://archive.ubuntu.com/ubuntu noble-updates/main amd64 python3 amd64 3.12.3-0ubuntu2.1 [23.0 kB]
#7 27.89 Get:15 http://archive.ubuntu.com/ubuntu noble-updates/main amd64 openssl amd64 3.0.13-0ubuntu3.15 [1003 kB]
#7 28.33 Get:16 http://archive.ubuntu.com/ubuntu noble-updates/main amd64 ca-certificates all 20260601~24.04.1 [139 kB]
#7 28.57 Get:17 http://archive.ubuntu.com/ubuntu noble-updates/universe amd64 python3-pip-whl all 24.0+dfsg-1ubuntu1.3 
[1707 kB]
#7 30.15 Get:18 http://archive.ubuntu.com/ubuntu noble-updates/universe amd64 python3-setuptools-whl all 
68.1.2-2ubuntu1.2 [716 kB]
#7 30.27 Get:19 http://archive.ubuntu.com/ubuntu noble-updates/universe amd64 python3.12-venv amd64 3.12.3-1ubuntu0.17 
[5684 B]
#7 30.27 Get:20 http://archive.ubuntu.com/ubuntu noble-updates/universe amd64 python3-venv amd64 3.12.3-0ubuntu2.1 
[1032 B]
#7 31.03 debconf: delaying package configuration, since apt-utils is not installed
#7 31.20 Fetched 10.8 MB in 6s (1728 kB/s)
#7 31.30 Selecting previously unselected package libpython3.12-minimal:amd64.
#7 31.30 (Reading database ... 
(Reading database ... 5%
(Reading database ... 10%
(Reading database ... 15%
(Reading database ... 20%
(Reading database ... 25%
(Reading database ... 30%
(Reading database ... 35%
(Reading database ... 40%
(Reading database ... 45%
(Reading database ... 50%
(Reading database ... 55%
(Reading database ... 60%
(Reading database ... 65%
(Reading database ... 70%
(Reading database ... 75%
(Reading database ... 80%
(Reading database ... 85%
(Reading database ... 90%
(Reading database ... 95%
(Reading database ... 100%
(Reading database ... 4381 files and directories currently installed.)
#7 31.38 Preparing to unpack .../libpython3.12-minimal_3.12.3-1ubuntu0.17_amd64.deb ...
#7 31.39 Unpacking libpython3.12-minimal:amd64 (3.12.3-1ubuntu0.17) ...
#7 31.58 Selecting previously unselected package libexpat1:amd64.
#7 31.58 Preparing to unpack .../libexpat1_2.6.1-2ubuntu0.4_amd64.deb ...
#7 31.61 Unpacking libexpat1:amd64 (2.6.1-2ubuntu0.4) ...
#7 31.72 Selecting previously unselected package python3.12-minimal.
#7 31.72 Preparing to unpack .../python3.12-minimal_3.12.3-1ubuntu0.17_amd64.deb ...
#7 31.74 Unpacking python3.12-minimal (3.12.3-1ubuntu0.17) ...
#7 32.01 Setting up libpython3.12-minimal:amd64 (3.12.3-1ubuntu0.17) ...
#7 32.12 Setting up libexpat1:amd64 (2.6.1-2ubuntu0.4) ...
#7 32.18 Setting up python3.12-minimal (3.12.3-1ubuntu0.17) ...
#7 36.15 Selecting previously unselected package python3-minimal.
#7 36.15 (Reading database ... 
(Reading database ... 5%
(Reading database ... 10%
(Reading database ... 15%
(Reading database ... 20%
(Reading database ... 25%
(Reading database ... 30%
(Reading database ... 35%
(Reading database ... 40%
(Reading database ... 45%
(Reading database ... 50%
(Reading database ... 55%
(Reading database ... 60%
(Reading database ... 65%
(Reading database ... 70%
(Reading database ... 75%
(Reading database ... 80%
(Reading database ... 85%
(Reading database ... 90%
(Reading database ... 95%
(Reading database ... 100%
(Reading database ... 4700 files and directories currently installed.)
#7 36.19 Preparing to unpack .../0-python3-minimal_3.12.3-0ubuntu2.1_amd64.deb ...
#7 36.22 Unpacking python3-minimal (3.12.3-0ubuntu2.1) ...
#7 36.36 Selecting previously unselected package media-types.
#7 36.36 Preparing to unpack .../1-media-types_10.1.0_all.deb ...
#7 36.38 Unpacking media-types (10.1.0) ...
#7 36.50 Selecting previously unselected package netbase.
#7 36.50 Preparing to unpack .../2-netbase_6.4_all.deb ...
#7 36.52 Unpacking netbase (6.4) ...
#7 36.65 Selecting previously unselected package tzdata.
#7 36.65 Preparing to unpack .../3-tzdata_2026c-0ubuntu0.24.04.1_all.deb ...
#7 36.67 Unpacking tzdata (2026c-0ubuntu0.24.04.1) ...
#7 36.96 Selecting previously unselected package readline-common.
#7 36.96 Preparing to unpack .../4-readline-common_8.2-4build1_all.deb ...
#7 37.00 Unpacking readline-common (8.2-4build1) ...
#7 37.23 Selecting previously unselected package libreadline8t64:amd64.
#7 37.24 Preparing to unpack .../5-libreadline8t64_8.2-4build1_amd64.deb ...
#7 37.32 Adding 'diversion of /lib/x86_64-linux-gnu/libhistory.so.8 to 
/lib/x86_64-linux-gnu/libhistory.so.8.usr-is-merged by libreadline8t64'
#7 37.41 Adding 'diversion of /lib/x86_64-linux-gnu/libhistory.so.8.2 to 
/lib/x86_64-linux-gnu/libhistory.so.8.2.usr-is-merged by libreadline8t64'
#7 37.43 Adding 'diversion of /lib/x86_64-linux-gnu/libreadline.so.8 to 
/lib/x86_64-linux-gnu/libreadline.so.8.usr-is-merged by libreadline8t64'
#7 37.48 Adding 'diversion of /lib/x86_64-linux-gnu/libreadline.so.8.2 to 
/lib/x86_64-linux-gnu/libreadline.so.8.2.usr-is-merged by libreadline8t64'
#7 37.52 Unpacking libreadline8t64:amd64 (8.2-4build1) ...
#7 37.79 Selecting previously unselected package libsqlite3-0:amd64.
#7 37.80 Preparing to unpack .../6-libsqlite3-0_3.45.1-1ubuntu2.7_amd64.deb ...
#7 37.88 Unpacking libsqlite3-0:amd64 (3.45.1-1ubuntu2.7) ...
#7 38.15 Selecting previously unselected package libpython3.12-stdlib:amd64.
#7 38.15 Preparing to unpack .../7-libpython3.12-stdlib_3.12.3-1ubuntu0.17_amd64.deb ...
#7 38.18 Unpacking libpython3.12-stdlib:amd64 (3.12.3-1ubuntu0.17) ...
#7 40.20 Selecting previously unselected package python3.12.
#7 40.20 Preparing to unpack .../8-python3.12_3.12.3-1ubuntu0.17_amd64.deb ...
#7 40.31 Unpacking python3.12 (3.12.3-1ubuntu0.17) ...
#7 40.63 Selecting previously unselected package libpython3-stdlib:amd64.
#7 40.63 Preparing to unpack .../9-libpython3-stdlib_3.12.3-0ubuntu2.1_amd64.deb ...
#7 40.65 Unpacking libpython3-stdlib:amd64 (3.12.3-0ubuntu2.1) ...
#7 40.77 Setting up python3-minimal (3.12.3-0ubuntu2.1) ...
#7 41.42 Selecting previously unselected package python3.
#7 41.42 (Reading database ... 
(Reading database ... 5%
(Reading database ... 10%
(Reading database ... 15%
(Reading database ... 20%
(Reading database ... 25%
(Reading database ... 30%
(Reading database ... 35%
(Reading database ... 40%
(Reading database ... 45%
(Reading database ... 50%
(Reading database ... 55%
(Reading database ... 60%
(Reading database ... 65%
(Reading database ... 70%
(Reading database ... 75%
(Reading database ... 80%
(Reading database ... 85%
(Reading database ... 90%
(Reading database ... 95%
(Reading database ... 100%
(Reading database ... 5706 files and directories currently installed.)
#7 41.46 Preparing to unpack .../0-python3_3.12.3-0ubuntu2.1_amd64.deb ...
#7 41.49 Unpacking python3 (3.12.3-0ubuntu2.1) ...
#7 41.64 Selecting previously unselected package openssl.
#7 41.64 Preparing to unpack .../1-openssl_3.0.13-0ubuntu3.15_amd64.deb ...
#7 41.66 Unpacking openssl (3.0.13-0ubuntu3.15) ...
#7 41.91 Selecting previously unselected package ca-certificates.
#7 41.92 Preparing to unpack .../2-ca-certificates_20260601~24.04.1_all.deb ...
#7 41.94 Unpacking ca-certificates (20260601~24.04.1) ...
#7 42.16 Selecting previously unselected package python3-pip-whl.
#7 42.16 Preparing to unpack .../3-python3-pip-whl_24.0+dfsg-1ubuntu1.3_all.deb ...
#7 42.18 Unpacking python3-pip-whl (24.0+dfsg-1ubuntu1.3) ...
#7 42.33 Selecting previously unselected package python3-setuptools-whl.
#7 42.34 Preparing to unpack .../4-python3-setuptools-whl_68.1.2-2ubuntu1.2_all.deb ...
#7 42.36 Unpacking python3-setuptools-whl (68.1.2-2ubuntu1.2) ...
#7 42.57 Selecting previously unselected package python3.12-venv.
#7 42.57 Preparing to unpack .../5-python3.12-venv_3.12.3-1ubuntu0.17_amd64.deb ...
#7 42.61 Unpacking python3.12-venv (3.12.3-1ubuntu0.17) ...
#7 42.77 Selecting previously unselected package python3-venv.
#7 42.79 Preparing to unpack .../6-python3-venv_3.12.3-0ubuntu2.1_amd64.deb ...
#7 42.82 Unpacking python3-venv (3.12.3-0ubuntu2.1) ...
#7 43.06 Setting up media-types (10.1.0) ...
#7 43.22 Setting up python3-setuptools-whl (68.1.2-2ubuntu1.2) ...
#7 43.34 Setting up libsqlite3-0:amd64 (3.45.1-1ubuntu2.7) ...
#7 43.45 Setting up tzdata (2026c-0ubuntu0.24.04.1) ...
#7 44.09 
#7 44.09 Current default time zone: 'Etc/UTC'
#7 44.12 Local time is now:      Wed Sep 16 15:42:58 UTC 2026.
#7 44.12 Universal Time is now:  Wed Sep 16 15:42:58 UTC 2026.
#7 44.12 Run 'dpkg-reconfigure tzdata' if you wish to change it.
#7 44.12 
#7 44.32 Setting up netbase (6.4) ...
#7 44.53 Setting up openssl (3.0.13-0ubuntu3.15) ...
#7 44.64 Setting up readline-common (8.2-4build1) ...
#7 44.73 Setting up ca-certificates (20260601~24.04.1) ...
#7 47.89 Updating certificates in /etc/ssl/certs...
#7 52.43 121 added, 0 removed; done.
#7 52.63 Setting up libreadline8t64:amd64 (8.2-4build1) ...
#7 52.78 Setting up libpython3.12-stdlib:amd64 (3.12.3-1ubuntu0.17) ...
#7 52.87 Setting up python3-pip-whl (24.0+dfsg-1ubuntu1.3) ...
#7 52.99 Setting up python3.12 (3.12.3-1ubuntu0.17) ...
#7 61.52 Setting up libpython3-stdlib:amd64 (3.12.3-0ubuntu2.1) ...
#7 62.02 Setting up python3.12-venv (3.12.3-1ubuntu0.17) ...
#7 62.93 Setting up python3 (3.12.3-0ubuntu2.1) ...
#7 64.12 Setting up python3-venv (3.12.3-0ubuntu2.1) ...
#7 64.19 Processing triggers for libc-bin (2.39-0ubuntu8.8) ...
#7 64.39 Processing triggers for ca-certificates (20260601~24.04.1) ...
#7 64.43 Updating certificates in /etc/ssl/certs...
#7 66.30 0 added, 0 removed; done.
#7 66.30 Running hooks in /etc/ca-certificates/update.d...
#7 66.31 done.
#7 DONE 66.5s

#8 [ 3/11] RUN python3 -m venv /opt/venv
#8 DONE 5.4s

#9 [ 4/11] COPY requirements-build.lock /opt/reprohpc/requirements-build.lock
#9 DONE 0.2s

#10 [ 5/11] RUN pip install --require-hashes --only-binary=:all: -r /opt/reprohpc/requirements-build.lock
#10 0.973 Collecting pip==25.2 (from -r /opt/reprohpc/requirements-build.lock (line 3))
#10 1.102   Downloading pip-25.2-py3-none-any.whl (1.8 MB)
#10 1.309      ━━━━━━━━━━━━━━━━━━━━━━━━━━━━━━━━━━━━━━━━ 1.8/1.8 MB 8.8 MB/s eta 0:00:00
#10 1.718 Collecting setuptools==80.9.0 (from -r /opt/reprohpc/requirements-build.lock (line 7))
#10 1.752   Downloading setuptools-80.9.0-py3-none-any.whl (1.2 MB)
#10 1.862      ━━━━━━━━━━━━━━━━━━━━━━━━━━━━━━━━━━━━━━━━ 1.2/1.2 MB 11.2 MB/s eta 0:00:00
#10 1.975 Collecting wheel==0.45.1 (from -r /opt/reprohpc/requirements-build.lock (line 11))
#10 2.005   Downloading wheel-0.45.1-py3-none-any.whl (72 kB)
#10 2.033      ━━━━━━━━━━━━━━━━━━━━━━━━━━━━━━━━━━━━━━━━ 72.5/72.5 kB 2.8 MB/s eta 0:00:00
#10 2.159 Installing collected packages: wheel, setuptools, pip
#10 3.175   Attempting uninstall: pip
#10 3.179     Found existing installation: pip 24.0
#10 3.224     Uninstalling pip-24.0:
#10 3.464       Successfully uninstalled pip-24.0
#10 4.357 Successfully installed pip-25.2 setuptools-80.9.0 wheel-0.45.1
#10 DONE 4.8s

#11 [ 6/11] COPY requirements.lock /opt/reprohpc/requirements.lock
#11 DONE 0.3s

#12 [ 7/11] RUN pip install --require-hashes --only-binary=:all: -r /opt/reprohpc/requirements.lock
#12 0.963 Collecting attrs==26.1.0 (from -r /opt/reprohpc/requirements.lock (line 3))
#12 1.122   Downloading attrs-26.1.0-py3-none-any.whl (67 kB)
#12 1.238 Collecting jsonschema==4.25.1 (from -r /opt/reprohpc/requirements.lock (line 9))
#12 1.267   Downloading jsonschema-4.25.1-py3-none-any.whl (90 kB)
#12 1.345 Collecting jsonschema-specifications==2025.9.1 (from -r /opt/reprohpc/requirements.lock (line 13))
#12 1.375   Downloading jsonschema_specifications-2025.9.1-py3-none-any.whl (18 kB)
#12 1.780 Collecting numpy==2.2.6 (from -r /opt/reprohpc/requirements.lock (line 17))
#12 1.804   Downloading numpy-2.2.6-cp312-cp312-manylinux_2_17_x86_64.manylinux2014_x86_64.whl (16.5 MB)
#12 3.368      ━━━━━━━━━━━━━━━━━━━━━━━━━━━━━━━━━━━━━━━━ 16.5/16.5 MB 10.7 MB/s  0:00:01
#12 3.571 Collecting opencv-python-headless==4.12.0.88 (from -r /opt/reprohpc/requirements.lock (line 76))
#12 3.606   Downloading opencv_python_headless-4.12.0.88-cp37-abi3-manylinux2014_x86_64.manylinux_2_17_x86_64.whl 
(54.0 MB)
#12 10.53      ━━━━━━━━━━━━━━━━━━━━━━━━━━━━━━━━━━━━━━━━ 54.0/54.0 MB 7.8 MB/s  0:00:06
#12 10.98 Collecting pyyaml==6.0.2 (from -r /opt/reprohpc/requirements.lock (line 85))
#12 11.02   Downloading PyYAML-6.0.2-cp312-cp312-manylinux_2_17_x86_64.manylinux2014_x86_64.whl (767 kB)
#12 11.29      ━━━━━━━━━━━━━━━━━━━━━━━━━━━━━━━━━━━━━━━━ 767.5/767.5 kB 3.0 MB/s  0:00:00
#12 11.42 Collecting referencing==0.37.0 (from -r /opt/reprohpc/requirements.lock (line 140))
#12 11.48   Downloading referencing-0.37.0-py3-none-any.whl (26 kB)
#12 12.14 Collecting rpds-py==2026.6.3 (from -r /opt/reprohpc/requirements.lock (line 146))
#12 12.18   Downloading rpds_py-2026.6.3-cp312-cp312-manylinux_2_17_x86_64.manylinux2014_x86_64.whl (366 kB)
#12 12.30 Collecting typing-extensions==4.16.0 (from -r /opt/reprohpc/requirements.lock (line 266))
#12 12.33   Downloading typing_extensions-4.16.0-py3-none-any.whl (45 kB)
#12 12.48 Installing collected packages: typing-extensions, rpds-py, pyyaml, numpy, attrs, referencing, 
opencv-python-headless, jsonschema-specifications, jsonschema
#12 19.30 
#12 19.30 Successfully installed attrs-26.1.0 jsonschema-4.25.1 jsonschema-specifications-2025.9.1 numpy-2.2.6 
opencv-python-headless-4.12.0.88 pyyaml-6.0.2 referencing-0.37.0 rpds-py-2026.6.3 typing-extensions-4.16.0
#12 19.47 
#12 19.47 [notice] A new release of pip is available: 25.2 -> 26.2.1
#12 19.47 [notice] To update, run: pip install --upgrade pip
#12 DONE 19.8s

#13 [ 8/11] COPY src /opt/reprohpc/src
#13 DONE 0.2s

#14 [ 9/11] COPY LICENSE THIRD_PARTY_NOTICES.md /opt/reprohpc/
#14 DONE 0.2s

#15 [10/11] RUN python -c "import cv2,numpy,reprohpc; print(cv2.__version__,numpy.__version__)"
#15 0.932 4.12.0 2.2.6
#15 DONE 1.0s

#16 [11/11] WORKDIR /work
#16 DONE 0.3s

#17 exporting to image
#17 exporting layers
#17 exporting layers 57.1s done
#17 exporting manifest sha256:0de17d44b369f1805970ca22d734660eff4984a9eec2260d44de7e535ce5b52c 0.0s done
#17 exporting config sha256:b83b8de59993040c6a411b7052a4756f85235e10c6c8a1f8e523efc1aca46e3e 0.0s done
#17 naming to docker.io/library/reprohpc-analysis:dev 0.0s done
#17 unpacking to docker.io/library/reprohpc-analysis:dev
#17 unpacking to docker.io/library/reprohpc-analysis:dev 4.2s done
#17 DONE 61.5s

View build details: docker-desktop://dashboard/build/desktop-linux/desktop-linux/dx1q0ni5xghjr399sawbwumu4
INFO:    Starting build...
INFO:    Fetching OCI image...
INFO:    Extracting OCI image...
INFO:    Inserting Apptainer configuration...
INFO:    Creating SIF file...
INFO:    Build complete: /workspace/artifacts/reprohpc.sif
{
  "schema_version": "1.0.0",
  "kind": "unpublished-candidate",
  "sif_sha256": "f08950a64d5371429caf5b8c939d843eb94404323e75c527d5269d251b39260a",
  "sif_path": "artifacts/reprohpc.sif",
  "oci_image_id": "sha256:0de17d44b369f1805970ca22d734660eff4984a9eec2260d44de7e535ce5b52c",
  "oci_digest": "sha256:0de17d44b369f1805970ca22d734660eff4984a9eec2260d44de7e535ce5b52c",
  "platform": "linux/amd64",
  "oci_repo_digests": [
    "reprohpc-analysis@sha256:0de17d44b369f1805970ca22d734660eff4984a9eec2260d44de7e535ce5b52c"
  ],
  "runtime": "apptainer version 1.5.3",
  "image_python_packages": [
    {
      "name": "attrs",
      "version": "26.1.0"
    },
    {
      "name": "jsonschema",
      "version": "4.25.1"
    },
    {
      "name": "jsonschema-specifications",
      "version": "2025.9.1"
    },
    {
      "name": "numpy",
      "version": "2.2.6"
    },
    {
      "name": "opencv-python-headless",
      "version": "4.12.0.88"
    },
    {
      "name": "pip",
      "version": "25.2"
    },
    {
      "name": "PyYAML",
      "version": "6.0.2"
    },
    {
      "name": "referencing",
      "version": "0.37.0"
    },
    {
      "name": "rpds-py",
      "version": "2026.6.3"
    },
    {
      "name": "setuptools",
      "version": "80.9.0"
    },
    {
      "name": "typing_extensions",
      "version": "4.16.0"
    },
    {
      "name": "wheel",
      "version": "0.45.1"
    }
  ],
  "image_os_packages": "apt\t2.8.3\nbase-files\t13ubuntu10.4\nbase-passwd\t3.6.3build1\nbash\t5.2.21-2ubuntu4\nbsdutils\t1:2.39.3-9ubuntu6.6\nca-certificates\t20260601~24.04.1\ncoreutils\t9.4-3ubuntu6.3\ndash\t0.5.12-6ubuntu5\ndebconf\t1.5.86ubuntu1\ndebianutils\t5.17build1\ndiffutils\t1:3.10-1ubuntu0.1\ndpkg\t1.22.6ubuntu6.6\ne2fsprogs\t1.47.0-2.4~exp1ubuntu4.1\nfindutils\t4.9.0-5build1\ngcc-14-base:amd64\t14.2.0-4ubuntu2~24.04.1\ngpgv\t2.4.4-2ubuntu17.6\ngrep\t3.11-4build1\ngzip\t1.12-1ubuntu3.2\nhostname\t3.23+nmu2ubuntu2\ninit-system-helpers\t1.66ubuntu1\nlibacl1:amd64\t2.3.2-1build1.1\nlibapt-pkg6.0t64:amd64\t2.8.3\nlibassuan0:amd64\t2.5.6-1build1\nlibattr1:amd64\t1:2.5.2-1ubuntu0.1\nlibaudit-common\t1:3.1.2-2.1build1.1\nlibaudit1:amd64\t1:3.1.2-2.1build1.1\nlibblkid1:amd64\t2.39.3-9ubuntu6.6\nlibbz2-1.0:amd64\t1.0.8-5.1ubuntu0.1\nlibc-bin\t2.39-0ubuntu8.8\nlibc6:amd64\t2.39-0ubuntu8.8\nlibcap-ng0:amd64\t0.8.4-2build2\nlibcap2:amd64\t1:2.66-5ubuntu2.4\nlibcom-err2:amd64\t1.47.0-2.4~exp1ubuntu4.1\nlibcrypt1:amd64\t1:4.4.36-4build1\nlibdb5.3t64:amd64\t5.3.28+dfsg2-7\nlibdebconfclient0:amd64\t0.271ubuntu3\nlibexpat1:amd64\t2.6.1-2ubuntu0.4\nlibext2fs2t64:amd64\t1.47.0-2.4~exp1ubuntu4.1\nlibffi8:amd64\t3.4.6-1build1\nlibgcc-s1:amd64\t14.2.0-4ubuntu2~24.04.1\nlibgcrypt20:amd64\t1.10.3-2ubuntu0.2\nlibgmp10:amd64\t2:6.3.0+dfsg-2ubuntu6.1\nlibgnutls30t64:amd64\t3.8.3-1.1ubuntu3.6\nlibgpg-error0:amd64\t1.47-3build2.1\nlibhogweed6t64:amd64\t3.9.1-2.2build1.1\nlibidn2-0:amd64\t2.3.7-2build1.1\nliblz4-1:amd64\t1.9.4-1build1.1\nliblzma5:amd64\t5.6.1+really5.4.5-1ubuntu0.3\nlibmd0:amd64\t1.1.0-2build1.1\nlibmount1:amd64\t2.39.3-9ubuntu6.6\nlibncursesw6:amd64\t6.4+20240113-1ubuntu2.2\nlibnettle8t64:amd64\t3.9.1-2.2build1.1\nlibnpth0t64:amd64\t1.6-3.1build1\nlibp11-kit0:amd64\t0.25.3-4ubuntu2.2\nlibpam-modules:amd64\t1.5.3-5ubuntu5.7\nlibpam-modules-bin\t1.5.3-5ubuntu5.7\nlibpam-runtime\t1.5.3-5ubuntu5.7\nlibpam0g:amd64\t1.5.3-5ubuntu5.7\nlibpcre2-8-0:amd64\t10.42-4ubuntu2.1\nlibproc2-0:amd64\t2:4.0.4-4ubuntu3.3\nlibpython3-stdlib:amd64\t3.12.3-0ubuntu2.1\nlibpython3.12-minimal:amd64\t3.12.3-1ubuntu0.17\nlibpython3.12-stdlib:amd64\t3.12.3-1ubuntu0.17\nlibreadline8t64:amd64\t8.2-4build1\nlibseccomp2:amd64\t2.5.5-1ubuntu3.1\nlibselinux1:amd64\t3.5-2ubuntu2.1\nlibsemanage-common\t3.5-1build5\nlibsemanage2:amd64\t3.5-1build5\nlibsepol2:amd64\t3.5-2build1\nlibsmartcols1:amd64\t2.39.3-9ubuntu6.6\nlibsqlite3-0:amd64\t3.45.1-1ubuntu2.7\nlibss2:amd64\t1.47.0-2.4~exp1ubuntu4.1\nlibssl3t64:amd64\t3.0.13-0ubuntu3.15\nlibstdc++6:amd64\t14.2.0-4ubuntu2~24.04.1\nlibsystemd0:amd64\t255.4-1ubuntu8.17\nlibtasn1-6:amd64\t4.19.0-3ubuntu0.24.04.2\nlibtinfo6:amd64\t6.4+20240113-1ubuntu2.2\nlibudev1:amd64\t255.4-1ubuntu8.17\nlibunistring5:amd64\t1.1-2build1.1\nlibuuid1:amd64\t2.39.3-9ubuntu6.6\nlibxxhash0:amd64\t0.8.2-2build1\nlibzstd1:amd64\t1.5.5+dfsg2-2build1.1\nlogin\t1:4.13+dfsg1-4ubuntu3.2\nlogsave\t1.47.0-2.4~exp1ubuntu4.1\nmawk\t1.3.4.20240123-1build1\nmedia-types\t10.1.0\nmount\t2.39.3-9ubuntu6.6\nncurses-base\t6.4+20240113-1ubuntu2.2\nncurses-bin\t6.4+20240113-1ubuntu2.2\nnetbase\t6.4\nopenssl\t3.0.13-0ubuntu3.15\npasswd\t1:4.13+dfsg1-4ubuntu3.2\nperl-base\t5.38.2-3.2ubuntu0.4\nprocps\t2:4.0.4-4ubuntu3.3\npython3\t3.12.3-0ubuntu2.1\npython3-minimal\t3.12.3-0ubuntu2.1\npython3-pip-whl\t24.0+dfsg-1ubuntu1.3\npython3-setuptools-whl\t68.1.2-2ubuntu1.2\npython3-venv\t3.12.3-0ubuntu2.1\npython3.12\t3.12.3-1ubuntu0.17\npython3.12-minimal\t3.12.3-1ubuntu0.17\npython3.12-venv\t3.12.3-1ubuntu0.17\nreadline-common\t8.2-4build1\nsed\t4.9-2ubuntu0.24.04.1\nsensible-utils\t0.0.22\nsysvinit-utils\t3.08-6ubuntu3\ntar\t1.35+dfsg-3ubuntu0.4\ntzdata\t2026c-0ubuntu0.24.04.1\nubuntu-keyring\t2023.11.28.1\nunminimize\t0.2.1\nutil-linux\t2.39.3-9ubuntu6.6\nzlib1g:amd64\t1:1.3.dfsg-3.1ubuntu2.2"
}
