#0 building with "desktop-linux" instance using docker driver

#1 [internal] load build definition from Dockerfile
#1 transferring dockerfile:
#1 transferring dockerfile: 1.07kB 0.1s done
#1 DONE 0.9s

#2 [internal] load metadata for docker.io/library/ubuntu@sha256:a61567bd31828687156d735ea8eb01ba4e37636e225dd6a48ba94136a70d9d61
#2 ...

#3 [auth] library/ubuntu:pull token for registry-1.docker.io
#3 DONE 0.0s

#2 [internal] load metadata for docker.io/library/ubuntu@sha256:a61567bd31828687156d735ea8eb01ba4e37636e225dd6a48ba94136a70d9d61
#2 DONE 3.8s

#4 [internal] load .dockerignore
#4 transferring context: 165B 0.1s done
#4 DONE 0.1s

#5 [internal] load build context
#5 DONE 0.0s

#6 [ 1/11] FROM docker.io/library/ubuntu@sha256:a61567bd31828687156d735ea8eb01ba4e37636e225dd6a48ba94136a70d9d61
#6 resolve docker.io/library/ubuntu@sha256:a61567bd31828687156d735ea8eb01ba4e37636e225dd6a48ba94136a70d9d61 0.1s done
#6 DONE 0.2s

#5 [internal] load build context
#5 transferring context: 118.67kB 0.6s done
#5 DONE 0.7s

#7 [ 5/11] RUN pip install --require-hashes --only-binary=:all: -r /opt/reprohpc/requirements-build.lock
#7 CACHED

#8 [ 6/11] COPY requirements.lock /opt/reprohpc/requirements.lock
#8 CACHED

#9 [ 2/11] RUN apt-get update && apt-get install -y --no-install-recommends python3=3.12.3-0ubuntu2.1 python3-venv=3.12.3-0ubuntu2.1 ca-certificates     && rm -rf /var/lib/apt/lists/*
#9 CACHED

#10 [ 3/11] RUN python3 -m venv /opt/venv
#10 CACHED

#11 [ 4/11] COPY requirements-build.lock /opt/reprohpc/requirements-build.lock
#11 CACHED

#12 [ 7/11] RUN pip install --require-hashes --only-binary=:all: -r /opt/reprohpc/requirements.lock
#12 CACHED

#13 [ 8/11] COPY src /opt/reprohpc/src
#13 DONE 0.9s

#14 [ 9/11] COPY LICENSE THIRD_PARTY_NOTICES.md /opt/reprohpc/
#14 DONE 0.4s

#15 [10/11] RUN python -c "import cv2,numpy,reprohpc; print(cv2.__version__,numpy.__version__)"
#15 3.890 4.12.0 2.2.6
#15 DONE 4.0s

#16 [11/11] WORKDIR /work
#16 DONE 1.2s

#17 exporting to image
#17 exporting layers
#17 exporting layers 5.1s done
#17 exporting manifest sha256:6e663b8d2b0379ab6da9723cf38edccf401893d04e920dee368a2b46e1a2ebe1
#17 exporting manifest sha256:6e663b8d2b0379ab6da9723cf38edccf401893d04e920dee368a2b46e1a2ebe1 0.2s done
#17 exporting config sha256:a70370292fb8f63046160ffab1a35d787c54f68e82acae32614a34c6a31bd560
#17 exporting config sha256:a70370292fb8f63046160ffab1a35d787c54f68e82acae32614a34c6a31bd560 0.3s done
#17 naming to docker.io/library/reprohpc-analysis:dev
#17 naming to docker.io/library/reprohpc-analysis:dev 0.2s done
#17 unpacking to docker.io/library/reprohpc-analysis:dev
#17 unpacking to docker.io/library/reprohpc-analysis:dev 7.4s done
#17 DONE 13.6s

View build details: docker-desktop://dashboard/build/desktop-linux/desktop-linux/rbtca6y1aol5fo3v4vd4y8ubs
INFO:    Starting build...
INFO:    Fetching OCI image...
INFO:    Extracting OCI image...
INFO:    Inserting Apptainer configuration...
INFO:    Creating SIF file...
INFO:    Build complete: /workspace/artifacts/reprohpc.sif
{
  "schema_version": "1.0.0",
  "kind": "unpublished-candidate",
  "sif_sha256": "5924ea4d806aa7b260a68789db4d262925f0a88f1364303d5eae879b594e6d4d",
  "sif_path": "artifacts/reprohpc.sif",
  "oci_image_id": "sha256:6e663b8d2b0379ab6da9723cf38edccf401893d04e920dee368a2b46e1a2ebe1",
  "oci_digest": "sha256:6e663b8d2b0379ab6da9723cf38edccf401893d04e920dee368a2b46e1a2ebe1",
  "platform": "linux/amd64",
  "oci_repo_digests": [
    "reprohpc-analysis@sha256:6e663b8d2b0379ab6da9723cf38edccf401893d04e920dee368a2b46e1a2ebe1"
  ],
  "runtime": "apptainer version 1.5.3",
  "image_python_packages": [
    {
      "name": "attrs",
      "version": "26.1.0"
    },
    {
      "name": "jsonschema",
      "version": "4.25.1"
    },
    {
      "name": "jsonschema-specifications",
      "version": "2025.9.1"
    },
    {
      "name": "numpy",
      "version": "2.2.6"
    },
    {
      "name": "opencv-python-headless",
      "version": "4.12.0.88"
    },
    {
      "name": "pip",
      "version": "25.2"
    },
    {
      "name": "PyYAML",
      "version": "6.0.2"
    },
    {
      "name": "referencing",
      "version": "0.37.0"
    },
    {
      "name": "rpds-py",
      "version": "2026.6.3"
    },
    {
      "name": "setuptools",
      "version": "80.9.0"
    },
    {
      "name": "typing_extensions",
      "version": "4.16.0"
    },
    {
      "name": "wheel",
      "version": "0.45.1"
    }
  ],
  "image_os_packages": "apt\t2.8.3\nbase-files\t13ubuntu10.4\nbase-passwd\t3.6.3build1\nbash\t5.2.21-2ubuntu4\nbsdutils\t1:2.39.3-9ubuntu6.6\nca-certificates\t20260601~24.04.1\ncoreutils\t9.4-3ubuntu6.3\ndash\t0.5.12-6ubuntu5\ndebconf\t1.5.86ubuntu1\ndebianutils\t5.17build1\ndiffutils\t1:3.10-1ubuntu0.1\ndpkg\t1.22.6ubuntu6.6\ne2fsprogs\t1.47.0-2.4~exp1ubuntu4.1\nfindutils\t4.9.0-5build1\ngcc-14-base:amd64\t14.2.0-4ubuntu2~24.04.1\ngpgv\t2.4.4-2ubuntu17.6\ngrep\t3.11-4build1\ngzip\t1.12-1ubuntu3.2\nhostname\t3.23+nmu2ubuntu2\ninit-system-helpers\t1.66ubuntu1\nlibacl1:amd64\t2.3.2-1build1.1\nlibapt-pkg6.0t64:amd64\t2.8.3\nlibassuan0:amd64\t2.5.6-1build1\nlibattr1:amd64\t1:2.5.2-1ubuntu0.1\nlibaudit-common\t1:3.1.2-2.1build1.1\nlibaudit1:amd64\t1:3.1.2-2.1build1.1\nlibblkid1:amd64\t2.39.3-9ubuntu6.6\nlibbz2-1.0:amd64\t1.0.8-5.1ubuntu0.1\nlibc-bin\t2.39-0ubuntu8.8\nlibc6:amd64\t2.39-0ubuntu8.8\nlibcap-ng0:amd64\t0.8.4-2build2\nlibcap2:amd64\t1:2.66-5ubuntu2.4\nlibcom-err2:amd64\t1.47.0-2.4~exp1ubuntu4.1\nlibcrypt1:amd64\t1:4.4.36-4build1\nlibdb5.3t64:amd64\t5.3.28+dfsg2-7\nlibdebconfclient0:amd64\t0.271ubuntu3\nlibexpat1:amd64\t2.6.1-2ubuntu0.4\nlibext2fs2t64:amd64\t1.47.0-2.4~exp1ubuntu4.1\nlibffi8:amd64\t3.4.6-1build1\nlibgcc-s1:amd64\t14.2.0-4ubuntu2~24.04.1\nlibgcrypt20:amd64\t1.10.3-2ubuntu0.2\nlibgmp10:amd64\t2:6.3.0+dfsg-2ubuntu6.1\nlibgnutls30t64:amd64\t3.8.3-1.1ubuntu3.6\nlibgpg-error0:amd64\t1.47-3build2.1\nlibhogweed6t64:amd64\t3.9.1-2.2build1.1\nlibidn2-0:amd64\t2.3.7-2build1.1\nliblz4-1:amd64\t1.9.4-1build1.1\nliblzma5:amd64\t5.6.1+really5.4.5-1ubuntu0.3\nlibmd0:amd64\t1.1.0-2build1.1\nlibmount1:amd64\t2.39.3-9ubuntu6.6\nlibncursesw6:amd64\t6.4+20240113-1ubuntu2.2\nlibnettle8t64:amd64\t3.9.1-2.2build1.1\nlibnpth0t64:amd64\t1.6-3.1build1\nlibp11-kit0:amd64\t0.25.3-4ubuntu2.2\nlibpam-modules:amd64\t1.5.3-5ubuntu5.7\nlibpam-modules-bin\t1.5.3-5ubuntu5.7\nlibpam-runtime\t1.5.3-5ubuntu5.7\nlibpam0g:amd64\t1.5.3-5ubuntu5.7\nlibpcre2-8-0:amd64\t10.42-4ubuntu2.1\nlibproc2-0:amd64\t2:4.0.4-4ubuntu3.3\nlibpython3-stdlib:amd64\t3.12.3-0ubuntu2.1\nlibpython3.12-minimal:amd64\t3.12.3-1ubuntu0.17\nlibpython3.12-stdlib:amd64\t3.12.3-1ubuntu0.17\nlibreadline8t64:amd64\t8.2-4build1\nlibseccomp2:amd64\t2.5.5-1ubuntu3.1\nlibselinux1:amd64\t3.5-2ubuntu2.1\nlibsemanage-common\t3.5-1build5\nlibsemanage2:amd64\t3.5-1build5\nlibsepol2:amd64\t3.5-2build1\nlibsmartcols1:amd64\t2.39.3-9ubuntu6.6\nlibsqlite3-0:amd64\t3.45.1-1ubuntu2.7\nlibss2:amd64\t1.47.0-2.4~exp1ubuntu4.1\nlibssl3t64:amd64\t3.0.13-0ubuntu3.15\nlibstdc++6:amd64\t14.2.0-4ubuntu2~24.04.1\nlibsystemd0:amd64\t255.4-1ubuntu8.17\nlibtasn1-6:amd64\t4.19.0-3ubuntu0.24.04.2\nlibtinfo6:amd64\t6.4+20240113-1ubuntu2.2\nlibudev1:amd64\t255.4-1ubuntu8.17\nlibunistring5:amd64\t1.1-2build1.1\nlibuuid1:amd64\t2.39.3-9ubuntu6.6\nlibxxhash0:amd64\t0.8.2-2build1\nlibzstd1:amd64\t1.5.5+dfsg2-2build1.1\nlogin\t1:4.13+dfsg1-4ubuntu3.2\nlogsave\t1.47.0-2.4~exp1ubuntu4.1\nmawk\t1.3.4.20240123-1build1\nmedia-types\t10.1.0\nmount\t2.39.3-9ubuntu6.6\nncurses-base\t6.4+20240113-1ubuntu2.2\nncurses-bin\t6.4+20240113-1ubuntu2.2\nnetbase\t6.4\nopenssl\t3.0.13-0ubuntu3.15\npasswd\t1:4.13+dfsg1-4ubuntu3.2\nperl-base\t5.38.2-3.2ubuntu0.4\nprocps\t2:4.0.4-4ubuntu3.3\npython3\t3.12.3-0ubuntu2.1\npython3-minimal\t3.12.3-0ubuntu2.1\npython3-pip-whl\t24.0+dfsg-1ubuntu1.3\npython3-setuptools-whl\t68.1.2-2ubuntu1.2\npython3-venv\t3.12.3-0ubuntu2.1\npython3.12\t3.12.3-1ubuntu0.17\npython3.12-minimal\t3.12.3-1ubuntu0.17\npython3.12-venv\t3.12.3-1ubuntu0.17\nreadline-common\t8.2-4build1\nsed\t4.9-2ubuntu0.24.04.1\nsensible-utils\t0.0.22\nsysvinit-utils\t3.08-6ubuntu3\ntar\t1.35+dfsg-3ubuntu0.4\ntzdata\t2026c-0ubuntu0.24.04.1\nubuntu-keyring\t2023.11.28.1\nunminimize\t0.2.1\nutil-linux\t2.39.3-9ubuntu6.6\nzlib1g:amd64\t1:1.3.dfsg-3.1ubuntu2.2"
}
