{
  "kind": "actual-nextflow-apptainer-report-acceptance",
  "sif_sha256": "dc501aabf7ad753d6311a1091eed379c9925975063bf47aa9ca903bef7fc413b",
  "command": [
    "/opt/venv/bin/python",
    "/workspace/reprohpc",
    "run",
    "--profile",
    "local",
    "--params-file",
    "/workspace/params/demo.yaml",
    "--sif",
    "/scratch/reprohpc-candidate-9.sif",
    "--sif-sha256",
    "dc501aabf7ad753d6311a1091eed379c9925975063bf47aa9ca903bef7fc413b",
    "--batch-size",
    "4",
    "--outdir",
    "/scratch/report-acceptance-candidate-9/run",
    "--work-dir",
    "/scratch/report-acceptance-candidate-9/work",
    "--launch-dir",
    "/scratch/report-acceptance-candidate-9/launch"
  ],
  "elapsed_seconds": 52.397050665999814,
  "run_id": "1c51b9b8-746b-44dc-af46-a4dc6c5bacd7",
  "verification": {
    "verified": true,
    "files": 105,
    "run_id": "1c51b9b8-746b-44dc-af46-a4dc6c5bacd7"
  },
  "comparison": {
    "equivalent": true,
    "mode": "exact",
    "rtol": 1e-06,
    "atol": 1e-08,
    "max_absolute_difference_by_column": {}
  },
  "export_verification": {
    "verified": true,
    "files": 80,
    "run_id": "1c51b9b8-746b-44dc-af46-a4dc6c5bacd7"
  },
  "report_sha256": "9ae17f93f09cd2104a6408f6cede8c102b53ece06f16dd8546aada7e1cc460ff",
  "report_bytes": 77863,
  "report_links_verified": [
    "metadata.jsonld",
    "provenance/params.resolved.json",
    "provenance/reference.json",
    "provenance/run.json",
    "provenance/samples.csv",
    "samples/above/mask.npy",
    "samples/above/metrics.json",
    "samples/above/objects.csv",
    "samples/blank/mask.npy",
    "samples/blank/metrics.json",
    "samples/blank/objects.csv",
    "samples/border/mask.npy",
    "samples/border/metrics.json",
    "samples/border/objects.csv",
    "samples/diagonal/mask.npy",
    "samples/diagonal/metrics.json",
    "samples/diagonal/objects.csv",
    "samples/equality/mask.npy",
    "samples/equality/metrics.json",
    "samples/equality/objects.csv",
    "samples/full/mask.npy",
    "samples/full/metrics.json",
    "samples/full/objects.csv",
    "samples/gradient/mask.npy",
    "samples/gradient/metrics.json",
    "samples/gradient/objects.csv",
    "samples/noise/mask.npy",
    "samples/noise/metrics.json",
    "samples/noise/objects.csv",
    "samples/small/mask.npy",
    "samples/small/metrics.json",
    "samples/small/objects.csv",
    "samples/square/mask.npy",
    "samples/square/metrics.json",
    "samples/square/objects.csv",
    "samples/touching/mask.npy",
    "samples/touching/metrics.json",
    "samples/touching/objects.csv",
    "samples/two/mask.npy",
    "samples/two/metrics.json",
    "samples/two/objects.csv",
    "summary/images.csv",
    "summary/objects.csv"
  ],
  "export_directory": "/scratch/report-acceptance-candidate-9-export",
  "baked_source_verified": true,
  "baked_source_files": {
    "__init__.py": "cd7420db94926760e5048d3d83c277956b62b3822de30866ac6c7b44b1ee7790",
    "archive.py": "93a2acb6e9687e8a80863bb71c6c647ec75929ed02171235a6af7d3b16afed1c",
    "cli.py": "ec344f00817aab8aed6aa5092a0aff91990e2e34b69fc7b27fba5da0e734f5b0",
    "config.py": "888029a7fcf1cdd7d337e9ad55407f728fe5d58cf25f4f2ee9749a48b4113585",
    "data.py": "86ed79321903dc262412c965284bd5c3096663956b1a4ed1cd0027a1659ea88b",
    "errors.py": "62826dcfbbfe2699767eb4bcc70139a75c5db74130795c12f0fca28981ede431",
    "io.py": "65d7e992e8b78d4caa7a23cb8661d44f4864bb6f9ef3f33e895fecdbf15170f5",
    "metadata.py": "b17d67768a22e8c0520040fabb8b81529b7b47efff892c944e481b5c0e07b49e",
    "provenance.py": "d0c562bc40f338ad67036d3597e2c8012d88e0008f3c61e4bfc1a91f2e5a2b63",
    "report_assets/index.html": "605fd21bf157ee755a94cf427667547637eb4a08df32f85f3d41db634bee4dc9",
    "report_assets/report.css": "d80b0fe600819a98ac8d3efb1cd4dc7e996f803d5616c42b6e1d12b36daa0e84",
    "report_assets/report.js": "f04f901c7884a913f896af5f5e1dc468e4326ede0af46a7306d335fbbda8977f",
    "reporting.py": "5b7d41404bc56c843482d4e48794dd385661d735a639ac60e8328c37134a7601",
    "schema.py": "d4254203f042e7c57a82eebae98b816e6919f64221a591f681a1913a6f46f739",
    "schemas/analysis.json": "3cc2207c95662bbefcb60516293366c2245a4577c7c9ed36cc40737e8d87c4bf",
    "schemas/calibration.json": "e7258c84d1336116d5fc9a6347eb3f7fb7d1a171b0948bfe73b8e5781968ae55",
    "schemas/dataset.json": "0c5a9c2c86b2d6ec96792d0af13b551fdaf29c2ee5d68e24cb5110e9f5ddd0ed",
    "schemas/metrics.json": "f3af9710a8d093a56f2c347f3f393f3429fd39508ac12081f0c1342fec377a32",
    "schemas/output.json": "fa9f93dbfe0e0e271b93c5eefdb32c051b45a07285a8daa9b556ee498d8670b6",
    "schemas/params.json": "2f6dec69cd76ad45dd568cb9e564e1703d0776607c2dd5ec9e252f1d538b7aed",
    "schemas/reference.json": "cd05868bbc13ce04bc47b2e2efc4e21abbd361ae1e1d3407ec050143103137bf",
    "schemas/release.json": "b7ff4da564d2803f6ab5fb58a100a577dbe9fadb84a232636fcc360e8cb49e09",
    "schemas/run.json": "a7f2315f2d23d750ff659c0d46c027dff152050c240e381d886226811a55630c",
    "schemas/sample.json": "6af9a832dc805a3325ed13b8695d1afc5afcb3739968b44bcf392e281f47bf5a",
    "schemas/status.json": "4fe86c23d38a7e73e39274dad939bd8767788c25df7db987eb04586fac7ec642",
    "schemas/summary.json": "54c88e0a7c6c5e146bb9f9d0c54d295c89b6cb4d8f8b72382c05330b4465f5c3",
    "schemas/task.json": "643e7772d79ec55b01c2243a0592c2d42cd894f339fc8e94c8936c01be9503e5",
    "science.py": "62d501697c1d156b34501843635bb2612058201d78f4aa28609b4308cdef7bfb",
    "task.py": "54194ac721b6384c4e650061efd80e30da8f43286f154c33537c804640f79f0f"
  }
}
